// Jest Snapshot v1, https://goo.gl/fbAQLP

exports[`Intl.DurationFormat resolvedOptions 1`] = `
{
  "days": "short",
  "daysDisplay": "auto",
  "fractionalDigits": undefined,
  "hours": "short",
  "hoursDisplay": "auto",
  "locale": "en",
  "microseconds": "short",
  "microsecondsDisplay": "auto",
  "milliseconds": "short",
  "millisecondsDisplay": "auto",
  "minutes": "short",
  "minutesDisplay": "auto",
  "months": "short",
  "monthsDisplay": "auto",
  "nanoseconds": "short",
  "nanosecondsDisplay": "auto",
  "numberingSystem": "latn",
  "seconds": "short",
  "secondsDisplay": "auto",
  "style": "short",
  "weeks": "short",
  "weeksDisplay": "auto",
  "years": "short",
  "yearsDisplay": "auto",
}
`;
